// Jest Snapshot v1, https://goo.gl/fbAQLP

exports[`CardContainer test should match the snapshot 1`] = `
ShallowWrapper {
  "length": 1,
  Symbol(enzyme.__root__): [Circular],
  Symbol(enzyme.__unrendered__): <CardContainer
    items={
        Array [
            Object {
              "cardType": 0,
              "favorite": true,
              "id": 1,
              "lineOne": "Tatooine",
              "lineThree": "200,000",
              "lineTwo": "Human",
              "name": "Luke Skywalker",
            },
            Object {
              "cardType": 1,
              "favorite": true,
              "id": 102,
              "lineFour": "Lobot",
              "lineOne": "gas giant",
              "lineThree": "temperate",
              "lineTwo": "6,000,000",
              "name": "Bespin",
            },
            Object {
              "cardType": 2,
              "favorite": false,
              "id": 207,
              "lineOne": "Digger Crawler",
              "lineThree": "30",
              "lineTwo": "wheeled",
              "name": "Sand Crawler",
            },
          ]
    }
/>,
  Symbol(enzyme.__renderer__): Object {
    "batchedUpdates": [Function],
    "getNode": [Function],
    "render": [Function],
    "simulateEvent": [Function],
    "unmount": [Function],
  },
  Symbol(enzyme.__node__): Object {
    "instance": null,
    "key": undefined,
    "nodeType": "host",
    "props": Object {
      "children": <div
        className="card-container"
>
        
</div>,
      "className": "card-container-component",
    },
    "ref": null,
    "rendered": Object {
      "instance": null,
      "key": undefined,
      "nodeType": "host",
      "props": Object {
        "children": Array [],
        "className": "card-container",
      },
      "ref": null,
      "rendered": Array [],
      "type": "div",
    },
    "type": "div",
  },
  Symbol(enzyme.__nodes__): Array [
    Object {
      "instance": null,
      "key": undefined,
      "nodeType": "host",
      "props": Object {
        "children": <div
          className="card-container"
>
          
</div>,
        "className": "card-container-component",
      },
      "ref": null,
      "rendered": Object {
        "instance": null,
        "key": undefined,
        "nodeType": "host",
        "props": Object {
          "children": Array [],
          "className": "card-container",
        },
        "ref": null,
        "rendered": Array [],
        "type": "div",
      },
      "type": "div",
    },
  ],
  Symbol(enzyme.__options__): Object {
    "adapter": ReactSixteenAdapter {
      "options": Object {
        "enableComponentDidUpdateOnSetState": true,
      },
    },
  },
}
`;
